// Jest Snapshot v1, https://goo.gl/fbAQLP

exports[`<Loader /> should not render the loader when show is false 1`] = `""`;

exports[`<Loader /> should render loader when show is true 1`] = `
<div
  className="loading-container"
>
  <div
    className="progress-wrap"
  >
    <CircularProgress />
  </div>
  <style>
    
                    .loading-container {
                        position: fixed;
                        top: 0;
                        left: 0;
                        height: 100%;
                        width: 100%;
                        background: rgba(0, 0, 0, 0.4);
                        z-index: 3000;
                    }
                    .progress-wrap {
                        position: absolute;
                        top: 50%;
                        left: 50%;
                        transform: 'translate(-50%, -50%)';
                    }
                
  </style>
</div>
`;
